public java.util.function.BiFunction<SOURCE, TypeName, SOURCE> with() {
	return inner.with();
}