public java.util.function.Function<SOURCE, TypeName> get() {
	return inner.get();
}